npm notice run scheduler@0.1.0 npx
npm notice run tsc --noEmit
features/services/actions/create-service-with-locations.ts(92,52): error TS2345: Argument of type '"set_service_locations"' is not assignable to parameter of type '"create_location_schedule_exception" | "create_resource_with_locations" | "create_tenant" | "delete_business_location" | "delete_business_resource" | "delete_location_schedule_exception" | ... 9 more ... | "update_location_schedule_exception"'.
features/services/actions/set-service-locations.ts(68,50): error TS2345: Argument of type '"set_service_locations"' is not assignable to parameter of type '"create_location_schedule_exception" | "create_resource_with_locations" | "create_tenant" | "delete_business_location" | "delete_business_resource" | "delete_location_schedule_exception" | ... 9 more ... | "update_location_schedule_exception"'.
features/services/services/get-service-locations.ts(19,11): error TS2769: No overload matches this call.
  Overload 1 of 2, '(relation: "audit_logs" | "tenants" | "location_schedule_exceptions" | "locations" | "location_working_hours" | "media_assets" | "resources" | "platform_admins" | "resource_locations" | ... 8 more ... | "tenant_members"): PostgrestQueryBuilder<...>', gave the following error.
    Argument of type '"service_locations"' is not assignable to parameter of type '"audit_logs" | "tenants" | "location_schedule_exceptions" | "locations" | "location_working_hours" | "media_assets" | "resources" | "platform_admins" | "resource_locations" | ... 8 more ... | "tenant_members"'.
  Overload 2 of 2, '(relation: never): PostgrestQueryBuilder<{ PostgrestVersion: "14.15"; }, { Tables: { audit_logs: { Row: { action: string; actor_type: string; actor_user_id: string | null; created_at: string; entity_id: string | null; ... 5 more ...; tenant_id: string | null; }; Insert: { ...; }; Update: { ...; }; Relationships: [...]; }; ... 16 more ...; tenants: { ...; }; }; Views: {}; Functions: { ...; }; Enums: {}; CompositeTypes: {}; }, never, never, never>', gave the following error.
    Argument of type '"service_locations"' is not assignable to parameter of type 'never'.
features/services/services/get-service-locations.ts(21,9): error TS2345: Argument of type '"tenant_id"' is not assignable to parameter of type '"created_at" | "id"'.
features/services/services/get-service-locations.ts(22,9): error TS2345: Argument of type '"service_id"' is not assignable to parameter of type '"created_at" | "id"'.
features/services/services/get-service-locations.ts(28,3): error TS2322: Type '{ id: string | number; tenantId: any; serviceId: any; locationId: any; isActive: any; sortOrder: any; createdAt: string; updatedAt: any; locationName: string; locationSlug: string; locationType: string; locationIsActive: boolean; }[]' is not assignable to type 'ServiceLocationWithLocation[]'.
  Type '{ id: string | number; tenantId: any; serviceId: any; locationId: any; isActive: any; sortOrder: any; createdAt: string; updatedAt: any; locationName: string; locationSlug: string; locationType: string; locationIsActive: boolean; }' is not assignable to type 'ServiceLocationWithLocation'.
    Type '{ id: string | number; tenantId: any; serviceId: any; locationId: any; isActive: any; sortOrder: any; createdAt: string; updatedAt: any; locationName: string; locationSlug: string; locationType: string; locationIsActive: boolean; }' is not assignable to type 'ServiceLocation'.
      Types of property 'id' are incompatible.
        Type 'string | number' is not assignable to type 'string'.
          Type 'number' is not assignable to type 'string'.
features/services/services/get-service-locations.ts(37,21): error TS2339: Property 'tenant_id' does not exist on type '{ action: string; actor_type: string; actor_user_id: string | null; created_at: string; entity_id: string | null; entity_type: string; id: number; metadata: Json; new_data: Json; old_data: Json; tenant_id: string | null; locations: SelectQueryError<...>; } | ... 1960 more ... | { ...; }'.
  Property 'tenant_id' does not exist on type '{ closes_at: string | null; created_at: string; day_of_week: number; id: string; is_closed: boolean; location_id: string; opens_at: string | null; updated_at: string; locations: SelectQueryError<"could not find the relation between audit_logs and locations">; }'.
features/services/services/get-service-locations.ts(38,22): error TS2339: Property 'service_id' does not exist on type '{ action: string; actor_type: string; actor_user_id: string | null; created_at: string; entity_id: string | null; entity_type: string; id: number; metadata: Json; new_data: Json; old_data: Json; tenant_id: string | null; locations: SelectQueryError<...>; } | ... 1960 more ... | { ...; }'.
  Property 'service_id' does not exist on type '{ action: string; actor_type: string; actor_user_id: string | null; created_at: string; entity_id: string | null; entity_type: string; id: number; metadata: Json; new_data: Json; old_data: Json; tenant_id: string | null; locations: SelectQueryError<...>; }'.
features/services/services/get-service-locations.ts(39,23): error TS2551: Property 'location_id' does not exist on type '{ action: string; actor_type: string; actor_user_id: string | null; created_at: string; entity_id: string | null; entity_type: string; id: number; metadata: Json; new_data: Json; old_data: Json; tenant_id: string | null; locations: SelectQueryError<...>; } | ... 1960 more ... | { ...; }'. Did you mean 'locations'?
  Property 'location_id' does not exist on type '{ action: string; actor_type: string; actor_user_id: string | null; created_at: string; entity_id: string | null; entity_type: string; id: number; metadata: Json; new_data: Json; old_data: Json; tenant_id: string | null; locations: SelectQueryError<...>; }'.
features/services/services/get-service-locations.ts(40,21): error TS2339: Property 'is_active' does not exist on type '{ action: string; actor_type: string; actor_user_id: string | null; created_at: string; entity_id: string | null; entity_type: string; id: number; metadata: Json; new_data: Json; old_data: Json; tenant_id: string | null; locations: SelectQueryError<...>; } | ... 1960 more ... | { ...; }'.
  Property 'is_active' does not exist on type '{ action: string; actor_type: string; actor_user_id: string | null; created_at: string; entity_id: string | null; entity_type: string; id: number; metadata: Json; new_data: Json; old_data: Json; tenant_id: string | null; locations: SelectQueryError<...>; }'.
features/services/services/get-service-locations.ts(41,22): error TS2339: Property 'sort_order' does not exist on type '{ action: string; actor_type: string; actor_user_id: string | null; created_at: string; entity_id: string | null; entity_type: string; id: number; metadata: Json; new_data: Json; old_data: Json; tenant_id: string | null; locations: SelectQueryError<...>; } | ... 1960 more ... | { ...; }'.
  Property 'sort_order' does not exist on type '{ action: string; actor_type: string; actor_user_id: string | null; created_at: string; entity_id: string | null; entity_type: string; id: number; metadata: Json; new_data: Json; old_data: Json; tenant_id: string | null; locations: SelectQueryError<...>; }'.
features/services/services/get-service-locations.ts(43,22): error TS2339: Property 'updated_at' does not exist on type '{ action: string; actor_type: string; actor_user_id: string | null; created_at: string; entity_id: string | null; entity_type: string; id: number; metadata: Json; new_data: Json; old_data: Json; tenant_id: string | null; locations: SelectQueryError<...>; } | ... 1960 more ... | { ...; }'.
  Property 'updated_at' does not exist on type '{ action: string; actor_type: string; actor_user_id: string | null; created_at: string; entity_id: string | null; entity_type: string; id: number; metadata: Json; new_data: Json; old_data: Json; tenant_id: string | null; locations: SelectQueryError<...>; }'.
features/services/services/get-service-locations.ts(77,11): error TS2769: No overload matches this call.
  Overload 1 of 2, '(relation: "audit_logs" | "tenants" | "location_schedule_exceptions" | "locations" | "location_working_hours" | "media_assets" | "resources" | "platform_admins" | "resource_locations" | ... 8 more ... | "tenant_members"): PostgrestQueryBuilder<...>', gave the following error.
    Argument of type '"service_locations"' is not assignable to parameter of type '"audit_logs" | "tenants" | "location_schedule_exceptions" | "locations" | "location_working_hours" | "media_assets" | "resources" | "platform_admins" | "resource_locations" | ... 8 more ... | "tenant_members"'.
  Overload 2 of 2, '(relation: never): PostgrestQueryBuilder<{ PostgrestVersion: "14.15"; }, { Tables: { audit_logs: { Row: { action: string; actor_type: string; actor_user_id: string | null; created_at: string; entity_id: string | null; ... 5 more ...; tenant_id: string | null; }; Insert: { ...; }; Update: { ...; }; Relationships: [...]; }; ... 16 more ...; tenants: { ...; }; }; Views: {}; Functions: { ...; }; Enums: {}; CompositeTypes: {}; }, never, never, never>', gave the following error.
    Argument of type '"service_locations"' is not assignable to parameter of type 'never'.
features/services/services/get-service-locations.ts(79,9): error TS2345: Argument of type '"tenant_id"' is not assignable to parameter of type '"created_at" | "id"'.
features/services/services/get-service-locations.ts(80,9): error TS2345: Argument of type '"location_id"' is not assignable to parameter of type '"created_at" | "id"'.
features/services/services/get-service-locations.ts(86,3): error TS2322: Type '{ id: string | number; tenantId: any; serviceId: any; locationId: any; isActive: any; sortOrder: any; createdAt: string; updatedAt: any; serviceName: string; serviceSlug: string; serviceIsActive: boolean; serviceDurationMinutes: number; servicePrice: number; serviceCurrency: string; }[]' is not assignable to type 'ServiceLocationWithService[]'.
  Type '{ id: string | number; tenantId: any; serviceId: any; locationId: any; isActive: any; sortOrder: any; createdAt: string; updatedAt: any; serviceName: string; serviceSlug: string; serviceIsActive: boolean; serviceDurationMinutes: number; servicePrice: number; serviceCurrency: string; }' is not assignable to type 'ServiceLocationWithService'.
    Type '{ id: string | number; tenantId: any; serviceId: any; locationId: any; isActive: any; sortOrder: any; createdAt: string; updatedAt: any; serviceName: string; serviceSlug: string; serviceIsActive: boolean; serviceDurationMinutes: number; servicePrice: number; serviceCurrency: string; }' is not assignable to type 'ServiceLocation'.
      Types of property 'id' are incompatible.
        Type 'string | number' is not assignable to type 'string'.
          Type 'number' is not assignable to type 'string'.
features/services/services/get-service-locations.ts(97,21): error TS2339: Property 'tenant_id' does not exist on type '{ action: string; actor_type: string; actor_user_id: string | null; created_at: string; entity_id: string | null; entity_type: string; id: number; metadata: Json; new_data: Json; old_data: Json; tenant_id: string | null; services: SelectQueryError<...>; } | ... 322 more ... | { ...; }'.
  Property 'tenant_id' does not exist on type '{ closes_at: string | null; created_at: string; day_of_week: number; id: string; is_closed: boolean; location_id: string; opens_at: string | null; updated_at: string; services: SelectQueryError<"could not find the relation between audit_logs and services">; }'.
features/services/services/get-service-locations.ts(98,22): error TS2551: Property 'service_id' does not exist on type '{ action: string; actor_type: string; actor_user_id: string | null; created_at: string; entity_id: string | null; entity_type: string; id: number; metadata: Json; new_data: Json; old_data: Json; tenant_id: string | null; services: SelectQueryError<...>; } | ... 322 more ... | { ...; }'. Did you mean 'services'?
  Property 'service_id' does not exist on type '{ action: string; actor_type: string; actor_user_id: string | null; created_at: string; entity_id: string | null; entity_type: string; id: number; metadata: Json; new_data: Json; old_data: Json; tenant_id: string | null; services: SelectQueryError<...>; }'.
features/services/services/get-service-locations.ts(99,23): error TS2339: Property 'location_id' does not exist on type '{ action: string; actor_type: string; actor_user_id: string | null; created_at: string; entity_id: string | null; entity_type: string; id: number; metadata: Json; new_data: Json; old_data: Json; tenant_id: string | null; services: SelectQueryError<...>; } | ... 322 more ... | { ...; }'.
  Property 'location_id' does not exist on type '{ action: string; actor_type: string; actor_user_id: string | null; created_at: string; entity_id: string | null; entity_type: string; id: number; metadata: Json; new_data: Json; old_data: Json; tenant_id: string | null; services: SelectQueryError<...>; }'.
features/services/services/get-service-locations.ts(100,21): error TS2339: Property 'is_active' does not exist on type '{ action: string; actor_type: string; actor_user_id: string | null; created_at: string; entity_id: string | null; entity_type: string; id: number; metadata: Json; new_data: Json; old_data: Json; tenant_id: string | null; services: SelectQueryError<...>; } | ... 322 more ... | { ...; }'.
  Property 'is_active' does not exist on type '{ action: string; actor_type: string; actor_user_id: string | null; created_at: string; entity_id: string | null; entity_type: string; id: number; metadata: Json; new_data: Json; old_data: Json; tenant_id: string | null; services: SelectQueryError<...>; }'.
features/services/services/get-service-locations.ts(101,22): error TS2339: Property 'sort_order' does not exist on type '{ action: string; actor_type: string; actor_user_id: string | null; created_at: string; entity_id: string | null; entity_type: string; id: number; metadata: Json; new_data: Json; old_data: Json; tenant_id: string | null; services: SelectQueryError<...>; } | ... 322 more ... | { ...; }'.
  Property 'sort_order' does not exist on type '{ action: string; actor_type: string; actor_user_id: string | null; created_at: string; entity_id: string | null; entity_type: string; id: number; metadata: Json; new_data: Json; old_data: Json; tenant_id: string | null; services: SelectQueryError<...>; }'.
features/services/services/get-service-locations.ts(103,22): error TS2339: Property 'updated_at' does not exist on type '{ action: string; actor_type: string; actor_user_id: string | null; created_at: string; entity_id: string | null; entity_type: string; id: number; metadata: Json; new_data: Json; old_data: Json; tenant_id: string | null; services: SelectQueryError<...>; } | ... 322 more ... | { ...; }'.
  Property 'updated_at' does not exist on type '{ action: string; actor_type: string; actor_user_id: string | null; created_at: string; entity_id: string | null; entity_type: string; id: number; metadata: Json; new_data: Json; old_data: Json; tenant_id: string | null; services: SelectQueryError<...>; }'.
features/services/services/get-service-locations.ts(124,11): error TS2769: No overload matches this call.
  Overload 1 of 2, '(relation: "audit_logs" | "tenants" | "location_schedule_exceptions" | "locations" | "location_working_hours" | "media_assets" | "resources" | "platform_admins" | "resource_locations" | ... 8 more ... | "tenant_members"): PostgrestQueryBuilder<...>', gave the following error.
    Argument of type '"service_locations"' is not assignable to parameter of type '"audit_logs" | "tenants" | "location_schedule_exceptions" | "locations" | "location_working_hours" | "media_assets" | "resources" | "platform_admins" | "resource_locations" | ... 8 more ... | "tenant_members"'.
  Overload 2 of 2, '(relation: never): PostgrestQueryBuilder<{ PostgrestVersion: "14.15"; }, { Tables: { audit_logs: { Row: { action: string; actor_type: string; actor_user_id: string | null; created_at: string; entity_id: string | null; ... 5 more ...; tenant_id: string | null; }; Insert: { ...; }; Update: { ...; }; Relationships: [...]; }; ... 16 more ...; tenants: { ...; }; }; Views: {}; Functions: { ...; }; Enums: {}; CompositeTypes: {}; }, never, never, never>', gave the following error.
    Argument of type '"service_locations"' is not assignable to parameter of type 'never'.
features/services/services/get-service-locations.ts(126,9): error TS2345: Argument of type '"tenant_id"' is not assignable to parameter of type '"created_at" | "id"'.
features/services/services/get-service-locations.ts(127,9): error TS2345: Argument of type '"service_id"' is not assignable to parameter of type '"created_at" | "id"'.
features/services/services/get-service-locations.ts(132,40): error TS2339: Property 'location_id' does not exist on type 'SelectQueryError<"column 'location_id' does not exist on 'audit_logs'."> | SelectQueryError<"column 'location_id' does not exist on 'tenants'."> | ... 15 more ... | SelectQueryError<...>'.
  Property 'location_id' does not exist on type 'SelectQueryError<"column 'location_id' does not exist on 'audit_logs'.">'.
features/services/services/get-service-locations.ts(147,11): error TS2769: No overload matches this call.
  Overload 1 of 2, '(relation: "audit_logs" | "tenants" | "location_schedule_exceptions" | "locations" | "location_working_hours" | "media_assets" | "resources" | "platform_admins" | "resource_locations" | ... 8 more ... | "tenant_members"): PostgrestQueryBuilder<...>', gave the following error.
    Argument of type '"service_locations"' is not assignable to parameter of type '"audit_logs" | "tenants" | "location_schedule_exceptions" | "locations" | "location_working_hours" | "media_assets" | "resources" | "platform_admins" | "resource_locations" | ... 8 more ... | "tenant_members"'.
  Overload 2 of 2, '(relation: never): PostgrestQueryBuilder<{ PostgrestVersion: "14.15"; }, { Tables: { audit_logs: { Row: { action: string; actor_type: string; actor_user_id: string | null; created_at: string; entity_id: string | null; ... 5 more ...; tenant_id: string | null; }; Insert: { ...; }; Update: { ...; }; Relationships: [...]; }; ... 16 more ...; tenants: { ...; }; }; Views: {}; Functions: { ...; }; Enums: {}; CompositeTypes: {}; }, never, never, never>', gave the following error.
    Argument of type '"service_locations"' is not assignable to parameter of type 'never'.
features/services/services/get-service-locations.ts(149,9): error TS2345: Argument of type '"tenant_id"' is not assignable to parameter of type '"created_at" | "id"'.
features/services/services/get-service-locations.ts(150,9): error TS2345: Argument of type '"service_id"' is not assignable to parameter of type '"created_at" | "id"'.
features/services/services/get-service-locations.ts(151,9): error TS2345: Argument of type '"location_id"' is not assignable to parameter of type '"created_at" | "id"'.
features/services/services/get-service-locations.ts(155,15): error TS2339: Property 'is_active' does not exist on type 'SelectQueryError<"column 'is_active' does not exist on 'audit_logs'."> | SelectQueryError<"column 'is_active' does not exist on 'tenants'."> | ... 15 more ... | SelectQueryError<...>'.
  Property 'is_active' does not exist on type 'SelectQueryError<"column 'is_active' does not exist on 'audit_logs'.">'.
features/services/services/get-service-locations.ts(168,11): error TS2769: No overload matches this call.
  Overload 1 of 2, '(relation: "audit_logs" | "tenants" | "location_schedule_exceptions" | "locations" | "location_working_hours" | "media_assets" | "resources" | "platform_admins" | "resource_locations" | ... 8 more ... | "tenant_members"): PostgrestQueryBuilder<...>', gave the following error.
    Argument of type '"service_locations"' is not assignable to parameter of type '"audit_logs" | "tenants" | "location_schedule_exceptions" | "locations" | "location_working_hours" | "media_assets" | "resources" | "platform_admins" | "resource_locations" | ... 8 more ... | "tenant_members"'.
  Overload 2 of 2, '(relation: never): PostgrestQueryBuilder<{ PostgrestVersion: "14.15"; }, { Tables: { audit_logs: { Row: { action: string; actor_type: string; actor_user_id: string | null; created_at: string; entity_id: string | null; ... 5 more ...; tenant_id: string | null; }; Insert: { ...; }; Update: { ...; }; Relationships: [...]; }; ... 16 more ...; tenants: { ...; }; }; Views: {}; Functions: { ...; }; Enums: {}; CompositeTypes: {}; }, never, never, never>', gave the following error.
    Argument of type '"service_locations"' is not assignable to parameter of type 'never'.
features/services/services/get-service-locations.ts(170,9): error TS2345: Argument of type '"tenant_id"' is not assignable to parameter of type '"created_at" | "id"'.
features/services/services/get-service-locations.ts(178,21): error TS2339: Property 'locations' does not exist on type 'SelectQueryError<"column 'service_id' does not exist on 'audit_logs'."> | SelectQueryError<"column 'service_id' does not exist on 'tenants'."> | ... 15 more ... | SelectQueryError<...>'.
  Property 'locations' does not exist on type 'SelectQueryError<"column 'service_id' does not exist on 'audit_logs'.">'.
features/services/services/get-service-locations.ts(179,34): error TS2339: Property 'service_id' does not exist on type 'SelectQueryError<"column 'service_id' does not exist on 'audit_logs'."> | SelectQueryError<"column 'service_id' does not exist on 'tenants'."> | ... 15 more ... | SelectQueryError<...>'.
  Property 'service_id' does not exist on type 'SelectQueryError<"column 'service_id' does not exist on 'audit_logs'.">'.
features/services/services/get-service-locations.ts(184,19): error TS2339: Property 'service_id' does not exist on type 'SelectQueryError<"column 'service_id' does not exist on 'audit_logs'."> | SelectQueryError<"column 'service_id' does not exist on 'tenants'."> | ... 15 more ... | SelectQueryError<...>'.
  Property 'service_id' does not exist on type 'SelectQueryError<"column 'service_id' does not exist on 'audit_logs'.">'.
